---
source: src/lib.rs
expression: "&raise_notices"
---
[
  {
    "channel": "test",
    "payload": "test#1"
  },
  {
    "channel": "test",
    "payload": "test#2"
  },
  {
    "channel": "test",
    "payload": "test#3"
  },
  {
    "channel": "test",
    "payload": "test#4"
  },
  {
    "channel": "test",
    "payload": "test#5"
  }
]
